::1 - - [02/Sep/2026:22:13:10 +0000] "GET / HTTP/1.1" 304 - "-" "Mozilla/5.0 (Windows NT 10.0; Win64; x64) AppleWebKit/537.36 (KHTML, like Gecko) Code/1.135.0 Chrome/148.0.7778.280 Electron/42.8.1 Safari/537.36"
::1 - - [02/Sep/2026:22:18:00 +0000] "GET /api/usuario/Valeria?edad=20&carrera=Sistemas HTTP/1.1" 403 31 "-" "Mozilla/5.0 (Windows NT 10.0; Win64; x64) AppleWebKit/537.36 (KHTML, like Gecko) Code/1.135.0 Chrome/148.0.7778.280 Electron/42.8.1 Safari/537.36"
::1 - - [02/Sep/2026:22:18:23 +0000] "GET /api/usuario/Valeria?edad=20&carrera=Sistemas HTTP/1.1" 403 31 "-" "Mozilla/5.0 (Windows NT 10.0; Win64; x64) AppleWebKit/537.36 (KHTML, like Gecko) Code/1.135.0 Chrome/148.0.7778.280 Electron/42.8.1 Safari/537.36"
::1 - - [02/Sep/2026:22:23:47 +0000] "GET /api/usuario/Valeria?edad=20&carrera=Sistemas HTTP/1.1" 403 31 "-" "Mozilla/5.0 (Windows NT 10.0; Win64; x64) AppleWebKit/537.36 (KHTML, like Gecko) Code/1.135.0 Chrome/148.0.7778.280 Electron/42.8.1 Safari/537.36"
::1 - - [02/Sep/2026:22:23:51 +0000] "GET /api/usuario/Valeria?edad=20&carrera=Sistemas HTTP/1.1" 403 31 "-" "Mozilla/5.0 (Windows NT 10.0; Win64; x64) AppleWebKit/537.36 (KHTML, like Gecko) Code/1.135.0 Chrome/148.0.7778.280 Electron/42.8.1 Safari/537.36"
::1 - - [02/Sep/2026:22:23:52 +0000] "GET /api/usuario/Valeria?edad=20&carrera=Sistemas HTTP/1.1" 403 31 "-" "Mozilla/5.0 (Windows NT 10.0; Win64; x64) AppleWebKit/537.36 (KHTML, like Gecko) Code/1.135.0 Chrome/148.0.7778.280 Electron/42.8.1 Safari/537.36"
::1 - - [02/Sep/2026:22:29:55 +0000] "GET / HTTP/1.1" 200 92 "-" "curl/8.13.0"
::1 - - [02/Sep/2026:23:35:35 +0000] "GET / HTTP/1.1" 304 - "-" "Mozilla/5.0 (Windows NT 10.0; Win64; x64) AppleWebKit/537.36 (KHTML, like Gecko) Code/1.135.0 Chrome/148.0.7778.280 Electron/42.8.1 Safari/537.36"
::1 - - [02/Sep/2026:23:35:48 +0000] "GET /api/usuario/Valeria?edad=20&carrera=Sistemas HTTP/1.1" 200 59 "-" "Mozilla/5.0 (Windows NT 10.0; Win64; x64) AppleWebKit/537.36 (KHTML, like Gecko) Code/1.135.0 Chrome/148.0.7778.280 Electron/42.8.1 Safari/537.36"
::1 - - [02/Sep/2026:23:37:29 +0000] "GET /api/usuario/Valeria?edad=20&carrera=Sistemas HTTP/1.1" 200 59 "-" "curl/8.13.0"
::1 - - [02/Sep/2026:23:44:17 +0000] "GET /api/usuario/Valeria?edad=20&carrera=Sistemas HTTP/1.1" 200 59 "-" "curl/8.13.0"
::1 - - [02/Sep/2026:23:46:07 +0000] "GET /api/usuario/Valeria?edad=20 HTTP/1.1" 200 38 "-" "curl/8.13.0"
::1 - - [02/Sep/2026:23:46:54 +0000] "GET / HTTP/1.1" 304 - "-" "Mozilla/5.0 (Windows NT 10.0; Win64; x64) AppleWebKit/537.36 (KHTML, like Gecko) Code/1.135.0 Chrome/148.0.7778.280 Electron/42.8.1 Safari/537.36"
::1 - - [02/Sep/2026:23:47:01 +0000] "GET /api/usuario/Valeria?edad=20&carrera=Sistemas HTTP/1.1" 304 - "-" "Mozilla/5.0 (Windows NT 10.0; Win64; x64) AppleWebKit/537.36 (KHTML, like Gecko) Code/1.135.0 Chrome/148.0.7778.280 Electron/42.8.1 Safari/537.36"
::1 - - [02/Sep/2026:23:47:08 +0000] "GET /api/usuario/Valeria?edad=20&carrera=Sistemas HTTP/1.1" 304 - "-" "Mozilla/5.0 (Windows NT 10.0; Win64; x64) AppleWebKit/537.36 (KHTML, like Gecko) Code/1.135.0 Chrome/148.0.7778.280 Electron/42.8.1 Safari/537.36"
::1 - - [02/Sep/2026:23:47:38 +0000] "GET /vale HTTP/1.1" 404 30 "-" "Mozilla/5.0 (Windows NT 10.0; Win64; x64) AppleWebKit/537.36 (KHTML, like Gecko) Code/1.135.0 Chrome/148.0.7778.280 Electron/42.8.1 Safari/537.36"
::1 - - [02/Sep/2026:23:47:56 +0000] "GET /vale HTTP/1.1" 404 30 "-" "Mozilla/5.0 (Windows NT 10.0; Win64; x64) AppleWebKit/537.36 (KHTML, like Gecko) Code/1.135.0 Chrome/148.0.7778.280 Electron/42.8.1 Safari/537.36"
::1 - - [02/Sep/2026:23:47:59 +0000] "GET /api/usuario/Valeria?edad=20&carrera=Sistemas HTTP/1.1" 304 - "-" "Mozilla/5.0 (Windows NT 10.0; Win64; x64) AppleWebKit/537.36 (KHTML, like Gecko) Code/1.135.0 Chrome/148.0.7778.280 Electron/42.8.1 Safari/537.36"
::1 - - [02/Sep/2026:23:48:08 +0000] "GET / HTTP/1.1" 304 - "-" "Mozilla/5.0 (Windows NT 10.0; Win64; x64) AppleWebKit/537.36 (KHTML, like Gecko) Code/1.135.0 Chrome/148.0.7778.280 Electron/42.8.1 Safari/537.36"
::1 - - [02/Sep/2026:23:48:13 +0000] "GET /api/usuario/Valeria?edad=20&carrera=Sistemas HTTP/1.1" 304 - "-" "Mozilla/5.0 (Windows NT 10.0; Win64; x64) AppleWebKit/537.36 (KHTML, like Gecko) Code/1.135.0 Chrome/148.0.7778.280 Electron/42.8.1 Safari/537.36"
::1 - - [02/Sep/2026:23:49:17 +0000] "GET / HTTP/1.1" 304 - "-" "Mozilla/5.0 (Windows NT 10.0; Win64; x64) AppleWebKit/537.36 (KHTML, like Gecko) Code/1.135.0 Chrome/148.0.7778.280 Electron/42.8.1 Safari/537.36"
::1 - - [02/Sep/2026:23:49:52 +0000] "GET /api/usuario/Valeria?edad=20&carrera=Sistemas HTTP/1.1" 304 - "-" "Mozilla/5.0 (Windows NT 10.0; Win64; x64) AppleWebKit/537.36 (KHTML, like Gecko) Code/1.135.0 Chrome/148.0.7778.280 Electron/42.8.1 Safari/537.36"
::1 - - [02/Sep/2026:23:51:05 +0000] "GET / HTTP/1.1" 304 - "-" "Mozilla/5.0 (Windows NT 10.0; Win64; x64) AppleWebKit/537.36 (KHTML, like Gecko) Code/1.135.0 Chrome/148.0.7778.280 Electron/42.8.1 Safari/537.36"
::1 - - [02/Sep/2026:23:51:09 +0000] "GET /api/usuario/Valeria?edad=20&carrera=Sistemas HTTP/1.1" 304 - "-" "Mozilla/5.0 (Windows NT 10.0; Win64; x64) AppleWebKit/537.36 (KHTML, like Gecko) Code/1.135.0 Chrome/148.0.7778.280 Electron/42.8.1 Safari/537.36"
::1 - - [02/Sep/2026:23:51:13 +0000] "GET /api/usuario/Valeria HTTP/1.1" 304 - "-" "Mozilla/5.0 (Windows NT 10.0; Win64; x64) AppleWebKit/537.36 (KHTML, like Gecko) Code/1.135.0 Chrome/148.0.7778.280 Electron/42.8.1 Safari/537.36"
::1 - - [02/Sep/2026:23:52:21 +0000] "GET / HTTP/1.1" 304 - "-" "Mozilla/5.0 (Windows NT 10.0; Win64; x64) AppleWebKit/537.36 (KHTML, like Gecko) Code/1.135.0 Chrome/148.0.7778.280 Electron/42.8.1 Safari/537.36"
::1 - - [02/Sep/2026:23:52:26 +0000] "GET /api/usuario/Valeria HTTP/1.1" 304 - "-" "Mozilla/5.0 (Windows NT 10.0; Win64; x64) AppleWebKit/537.36 (KHTML, like Gecko) Code/1.135.0 Chrome/148.0.7778.280 Electron/42.8.1 Safari/537.36"
::1 - - [02/Sep/2026:23:53:16 +0000] "GET / HTTP/1.1" 304 - "-" "Mozilla/5.0 (Windows NT 10.0; Win64; x64) AppleWebKit/537.36 (KHTML, like Gecko) Code/1.135.0 Chrome/148.0.7778.280 Electron/42.8.1 Safari/537.36"
::1 - - [02/Sep/2026:23:53:21 +0000] "GET /vale HTTP/1.1" 404 30 "-" "Mozilla/5.0 (Windows NT 10.0; Win64; x64) AppleWebKit/537.36 (KHTML, like Gecko) Code/1.135.0 Chrome/148.0.7778.280 Electron/42.8.1 Safari/537.36"
::1 - - [02/Sep/2026:23:53:32 +0000] "GET /api/usuario/Valeria HTTP/1.1" 403 48 "-" "Mozilla/5.0 (Windows NT 10.0; Win64; x64) AppleWebKit/537.36 (KHTML, like Gecko) Code/1.135.0 Chrome/148.0.7778.280 Electron/42.8.1 Safari/537.36"
::1 - - [02/Sep/2026:23:53:58 +0000] "GET /api/usuario/Valeria HTTP/1.1" 403 48 "-" "Mozilla/5.0 (Windows NT 10.0; Win64; x64) AppleWebKit/537.36 (KHTML, like Gecko) Code/1.135.0 Chrome/148.0.7778.280 Electron/42.8.1 Safari/537.36"
::1 - - [03/Sep/2026:12:55:28 +0000] "GET /api/usuario/Valeria HTTP/1.1" 403 48 "-" "Mozilla/5.0 (Windows NT 10.0; Win64; x64) AppleWebKit/537.36 (KHTML, like Gecko) Code/1.136.0 Chrome/148.0.7778.280 Electron/42.10.0 Safari/537.36"
::1 - - [03/Sep/2026:12:55:30 +0000] "GET /api/usuario/Valeria HTTP/1.1" 403 48 "-" "Mozilla/5.0 (Windows NT 10.0; Win64; x64) AppleWebKit/537.36 (KHTML, like Gecko) Code/1.136.0 Chrome/148.0.7778.280 Electron/42.10.0 Safari/537.36"
::1 - - [03/Sep/2026:12:55:43 +0000] "GET /vale HTTP/1.1" 404 30 "-" "Mozilla/5.0 (Windows NT 10.0; Win64; x64) AppleWebKit/537.36 (KHTML, like Gecko) Code/1.136.0 Chrome/148.0.7778.280 Electron/42.10.0 Safari/537.36"
::1 - - [03/Sep/2026:12:55:46 +0000] "GET /api/usuario/Valeria HTTP/1.1" 403 48 "-" "Mozilla/5.0 (Windows NT 10.0; Win64; x64) AppleWebKit/537.36 (KHTML, like Gecko) Code/1.136.0 Chrome/148.0.7778.280 Electron/42.10.0 Safari/537.36"
::1 - - [03/Sep/2026:12:56:12 +0000] "GET /api/usuario/Valeria HTTP/1.1" 200 26 "-" "Mozilla/5.0 (Windows NT 10.0; Win64; x64) AppleWebKit/537.36 (KHTML, like Gecko) Code/1.136.0 Chrome/148.0.7778.280 Electron/42.10.0 Safari/537.36"
::1 - - [03/Sep/2026:12:58:03 +0000] "GET /api/usuario/Valeria HTTP/1.1" 304 - "-" "Mozilla/5.0 (Windows NT 10.0; Win64; x64) AppleWebKit/537.36 (KHTML, like Gecko) Code/1.136.0 Chrome/148.0.7778.280 Electron/42.10.0 Safari/537.36"
::1 - - [03/Sep/2026:13:00:08 +0000] "GET /api/usuario/Valeria HTTP/1.1" 304 - "-" "Mozilla/5.0 (Windows NT 10.0; Win64; x64) AppleWebKit/537.36 (KHTML, like Gecko) Code/1.136.0 Chrome/148.0.7778.280 Electron/42.10.0 Safari/537.36"
::1 - - [03/Sep/2026:13:00:43 +0000] "GET /api/usuario/Valeria HTTP/1.1" 304 - "-" "Mozilla/5.0 (Windows NT 10.0; Win64; x64) AppleWebKit/537.36 (KHTML, like Gecko) Code/1.136.0 Chrome/148.0.7778.280 Electron/42.10.0 Safari/537.36"
::1 - - [03/Sep/2026:13:00:58 +0000] "GET / HTTP/1.1" 200 92 "-" "Mozilla/5.0 (Windows NT; Windows NT 10.0; es-ES) WindowsPowerShell/5.1.19041.6456"
::1 - - [03/Sep/2026:13:01:50 +0000] "GET / HTTP/1.1" 200 92 "-" "Mozilla/5.0 (Windows NT; Windows NT 10.0; es-ES) WindowsPowerShell/5.1.19041.6456"
::1 - - [03/09/2026:08:02:20 -0500] "GET / HTTP/1.1" 200 92 "-" "Mozilla/5.0 (Windows NT; Windows NT 10.0; es-ES) WindowsPowerShell/5.1.19041.6456"
::1 - - [03/09/2026:08:02:40 -0500] "GET / HTTP/1.1" 304 - "-" "Mozilla/5.0 (Windows NT 10.0; Win64; x64) AppleWebKit/537.36 (KHTML, like Gecko) Code/1.136.0 Chrome/148.0.7778.280 Electron/42.10.0 Safari/537.36"
::1 - - [03/09/2026:08:02:50 -0500] "GET /api/usuario/Valeria HTTP/1.1" 304 - "-" "Mozilla/5.0 (Windows NT 10.0; Win64; x64) AppleWebKit/537.36 (KHTML, like Gecko) Code/1.136.0 Chrome/148.0.7778.280 Electron/42.10.0 Safari/537.36"
::1 - - [03/09/2026:08:04:06 -0500] "GET / HTTP/1.1" 304 - "-" "Mozilla/5.0 (Windows NT 10.0; Win64; x64) AppleWebKit/537.36 (KHTML, like Gecko) Code/1.136.0 Chrome/148.0.7778.280 Electron/42.10.0 Safari/537.36"
::1 - - [03/09/2026:08:04:12 -0500] "GET /api/usuario/Valeria HTTP/1.1" 304 - "-" "Mozilla/5.0 (Windows NT 10.0; Win64; x64) AppleWebKit/537.36 (KHTML, like Gecko) Code/1.136.0 Chrome/148.0.7778.280 Electron/42.10.0 Safari/537.36"
